
> temp-next@0.1.0 build
> next build

  Ôû▓ Next.js 14.2.35
  - Environments: .env.local

   Creating an optimized production build ...
 Ô£ô Compiled successfully
   Linting and checking validity of types ...
node.exe : 
En línea: 1 Carácter: 1
+ & "C:\Program Files\nodejs/node.exe" 
"C:\Program Files\nodejs/node_mo ...
+ ~~~~~~~~~~~~~~~~~~~~~~~~~~~~~~~~~~~~~~~~~~~~~~
~~~~~~~~~~~~~~~~~~~~~~~
    + CategoryInfo          : NotSpecified: (:S 
   tring) [], RemoteException
    + FullyQualifiedErrorId : NativeCommandErro 
   r
 
Failed to compile.

./src/app/confirmed/page.tsx
102:38  Error: Unexpected any. Specify a 
different type.  
@typescript-eslint/no-explicit-any

./src/app/dashboard/analytics/page.tsx
9:5  Error: 'Users' is defined but never used.  
@typescript-eslint/no-unused-vars
11:5  Error: 'TrendingDown' is defined but 
never used.  @typescript-eslint/no-unused-vars
18:5  Error: 'Waves' is defined but never used. 
 @typescript-eslint/no-unused-vars
19:5  Error: 'Calendar' is defined but never 
used.  @typescript-eslint/no-unused-vars
20:5  Error: 'ChevronDown' is defined but never 
used.  @typescript-eslint/no-unused-vars
22:5  Error: 'BarChart3' is defined but never 
used.  @typescript-eslint/no-unused-vars
23:17  Error: 'PieChartIcon' is defined but 
never used.  @typescript-eslint/no-unused-vars
51:12  Error: 'restaurant' is assigned a value 
but never used.  
@typescript-eslint/no-unused-vars
51:50  Error: Unexpected any. Specify a 
different type.  
@typescript-eslint/no-explicit-any
57:8  Warning: React Hook useEffect has a 
missing dependency: 'loadAnalytics'. Either 
include it or remove the dependency array.  
react-hooks/exhaustive-deps
440:11  Error: Unexpected any. Specify a 
different type.  
@typescript-eslint/no-explicit-any
485:11  Error: Unexpected any. Specify a 
different type.  
@typescript-eslint/no-explicit-any

./src/app/dashboard/analytics/products/page.tsx
8:5  Error: 'TrendingUp' is defined but never 
used.  @typescript-eslint/no-unused-vars
9:5  Error: 'Star' is defined but never used.  
@typescript-eslint/no-unused-vars
34:8  Warning: React Hook useEffect has a 
missing dependency: 'loadProductStats'. Either 
include it or remove the dependency array.  
react-hooks/exhaustive-deps
64:46  Error: Unexpected any. Specify a 
different type.  
@typescript-eslint/no-explicit-any

./src/app/dashboard/analytics/sales/page.tsx
9:5  Error: 'TrendingDown' is defined but never 
used.  @typescript-eslint/no-unused-vars
10:5  Error: 'Calendar' is defined but never 
used.  @typescript-eslint/no-unused-vars
31:8  Warning: React Hook useEffect has a 
missing dependency: 'loadSalesData'. Either 
include it or remove the dependency array.  
react-hooks/exhaustive-deps

./src/app/dashboard/customers/page.tsx
9:5  Error: 'Filter' is defined but never used. 
 @typescript-eslint/no-unused-vars
10:5  Error: 'Plus' is defined but never used.  
@typescript-eslint/no-unused-vars
17:5  Error: 'Calendar' is defined but never 
used.  @typescript-eslint/no-unused-vars
22:5  Error: 'User' is defined but never used.  
@typescript-eslint/no-unused-vars
53:12  Error: 'restaurant' is assigned a value 
but never used.  
@typescript-eslint/no-unused-vars
53:50  Error: Unexpected any. Specify a 
different type.  
@typescript-eslint/no-explicit-any
59:8  Warning: React Hook useEffect has a 
missing dependency: 'loadCustomers'. Either 
include it or remove the dependency array.  
react-hooks/exhaustive-deps
218:74  Error: Unexpected any. Specify a 
different type.  
@typescript-eslint/no-explicit-any

./src/app/dashboard/help/page.tsx
3:64  Error: 'ExternalLink' is defined but 
never used.  @typescript-eslint/no-unused-vars

./src/app/dashboard/layout.tsx
23:5  Error: 'ChevronLeft' is defined but never 
used.  @typescript-eslint/no-unused-vars
70:11  Error: Unexpected any. Specify a 
different type.  
@typescript-eslint/no-explicit-any
72:54  Error: Unexpected any. Specify a 
different type.  
@typescript-eslint/no-explicit-any
177:50  Error: Unexpected any. Specify a 
different type.  
@typescript-eslint/no-explicit-any
178:38  Error: Unexpected any. Specify a 
different type.  
@typescript-eslint/no-explicit-any
193:8  Warning: React Hook useEffect has a 
missing dependency: 'loadUserData'. Either 
include it or remove the dependency array.  
react-hooks/exhaustive-deps
208:8  Warning: React Hook useEffect has a 
missing dependency: 'expandedItems'. Either 
include it or remove the dependency array.  
react-hooks/exhaustive-deps
260:49  Error: Unexpected any. Specify a 
different type.  
@typescript-eslint/no-explicit-any
594:15  Error: 'ItemWrapper' is assigned a 
value but never used.  
@typescript-eslint/no-unused-vars
595:15  Error: 'itemProps' is assigned a value 
but never used.  
@typescript-eslint/no-unused-vars

./src/app/dashboard/marketing/coupons/page.tsx
4:10  Error: 'motion' is defined but never 
used.  @typescript-eslint/no-unused-vars
6:62  Error: 'Check' is defined but never used. 
 @typescript-eslint/no-unused-vars
6:69  Error: 'X' is defined but never used.  
@typescript-eslint/no-unused-vars
29:8  Warning: React Hook useEffect has a 
missing dependency: 'loadCoupons'. Either 
include it or remove the dependency array.  
react-hooks/exhaustive-deps
50:42  Error: Unexpected any. Specify a 
different type.  
@typescript-eslint/no-explicit-any

./src/app/dashboard/marketing/promotions/page.ts
x
20:5  Error: 'Clock' is defined but never used. 
 @typescript-eslint/no-unused-vars
59:50  Error: Unexpected any. Specify a 
different type.  
@typescript-eslint/no-explicit-any
65:8  Warning: React Hook useEffect has a 
missing dependency: 'loadPromotions'. Either 
include it or remove the dependency array.  
react-hooks/exhaustive-deps
422:25  Error: 'setDescription' is assigned a 
value but never used.  
@typescript-eslint/no-unused-vars
491:71  Error: Unexpected any. Specify a 
different type.  
@typescript-eslint/no-explicit-any
642:43  Error: Unexpected any. Specify a 
different type.  
@typescript-eslint/no-explicit-any

./src/app/dashboard/menu/categories/page.tsx
52:50  Error: Unexpected any. Specify a 
different type.  
@typescript-eslint/no-explicit-any
58:8  Warning: React Hook useEffect has a 
missing dependency: 'loadCategories'. Either 
include it or remove the dependency array.  
react-hooks/exhaustive-deps
373:7  Error: 'presetImages' is assigned a 
value but never used.  
@typescript-eslint/no-unused-vars
397:12  Error: 'imageUrl' is assigned a value 
but never used.  
@typescript-eslint/no-unused-vars
398:12  Error: 'imageMode' is assigned a value 
but never used.  
@typescript-eslint/no-unused-vars
399:12  Error: 'uploading' is assigned a value 
but never used.  
@typescript-eslint/no-unused-vars
409:11  Error: 'handleImageUpload' is assigned 
a value but never used.  
@typescript-eslint/no-unused-vars

./src/app/dashboard/menu/daily-menus/page.tsx
24:5  Error: 'ChevronDown' is defined but never 
used.  @typescript-eslint/no-unused-vars
25:5  Error: 'GripVertical' is defined but 
never used.  @typescript-eslint/no-unused-vars
86:50  Error: Unexpected any. Specify a 
different type.  
@typescript-eslint/no-explicit-any
92:8  Warning: React Hook useEffect has a 
missing dependency: 'loadMenus'. Either include 
it or remove the dependency array.  
react-hooks/exhaustive-deps
636:43  Error: 'typeInfo' is assigned a value 
but never used.  
@typescript-eslint/no-unused-vars
645:118  Error: Unexpected any. Specify a 
different type.  
@typescript-eslint/no-explicit-any

./src/app/dashboard/menu/import/page.tsx
4:18  Error: 'AnimatePresence' is defined but 
never used.  @typescript-eslint/no-unused-vars
13:5  Error: 'X' is defined but never used.  
@typescript-eslint/no-unused-vars
17:5  Error: 'Eye' is defined but never used.  
@typescript-eslint/no-unused-vars
18:5  Error: 'Edit3' is defined but never used. 
 @typescript-eslint/no-unused-vars
19:5  Error: 'Trash2' is defined but never 
used.  @typescript-eslint/no-unused-vars
20:5  Error: 'Plus' is defined but never used.  
@typescript-eslint/no-unused-vars
21:5  Error: 'ChevronDown' is defined but never 
used.  @typescript-eslint/no-unused-vars
152:84  Error: Unexpected any. Specify a 
different type.  
@typescript-eslint/no-explicit-any
284:33  Warning: Using `<img>` could result in 
slower LCP and higher bandwidth. Consider using 
`<Image />` from `next/image` to automatically 
optimize images. This may incur additional 
usage or cost from your provider. See: 
https://nextjs.org/docs/messages/no-img-element 
 @next/next/no-img-element

./src/app/dashboard/menu/menus/page.tsx
16:5  Error: 'Coffee' is defined but never 
used.  @typescript-eslint/no-unused-vars
17:5  Error: 'Utensils' is defined but never 
used.  @typescript-eslint/no-unused-vars
18:5  Error: 'Wine' is defined but never used.  
@typescript-eslint/no-unused-vars
19:5  Error: 'Sun' is defined but never used.  
@typescript-eslint/no-unused-vars
20:5  Error: 'Moon' is defined but never used.  
@typescript-eslint/no-unused-vars
21:5  Error: 'Calendar' is defined but never 
used.  @typescript-eslint/no-unused-vars
25:5  Error: 'GripVertical' is defined but 
never used.  @typescript-eslint/no-unused-vars
28:5  Error: 'Settings' is defined but never 
used.  @typescript-eslint/no-unused-vars
94:50  Error: Unexpected any. Specify a 
different type.  
@typescript-eslint/no-explicit-any
100:8  Warning: React Hook useEffect has a 
missing dependency: 'loadData'. Either include 
it or remove the dependency array.  
react-hooks/exhaustive-deps
260:61  Error: `"` can be escaped with 
`&quot;`, `&ldquo;`, `&#34;`, `&rdquo;`.  
react/no-unescaped-entities
260:74  Error: `"` can be escaped with 
`&quot;`, `&ldquo;`, `&#34;`, `&rdquo;`.  
react/no-unescaped-entities
260:77  Error: `"` can be escaped with 
`&quot;`, `&ldquo;`, `&#34;`, `&rdquo;`.  
react/no-unescaped-entities
260:90  Error: `"` can be escaped with 
`&quot;`, `&ldquo;`, `&#34;`, `&rdquo;`.  
react/no-unescaped-entities
260:93  Error: `"` can be escaped with 
`&quot;`, `&ldquo;`, `&#34;`, `&rdquo;`.  
react/no-unescaped-entities
260:108  Error: `"` can be escaped with 
`&quot;`, `&ldquo;`, `&#34;`, `&rdquo;`.  
react/no-unescaped-entities

./src/app/dashboard/menu/modifiers/page.tsx
13:5  Error: 'GripVertical' is defined but 
never used.  @typescript-eslint/no-unused-vars
14:5  Error: 'Euro' is defined but never used.  
@typescript-eslint/no-unused-vars
15:5  Error: 'Check' is defined but never used. 
 @typescript-eslint/no-unused-vars
16:5  Error: 'X' is defined but never used.  
@typescript-eslint/no-unused-vars
49:12  Error: 'showModal' is assigned a value 
but never used.  
@typescript-eslint/no-unused-vars
50:12  Error: 'editingGroup' is assigned a 
value but never used.  
@typescript-eslint/no-unused-vars
56:8  Warning: React Hook useEffect has a 
missing dependency: 'loadModifiers'. Either 
include it or remove the dependency array.  
react-hooks/exhaustive-deps
78:35  Error: Unexpected any. Specify a 
different type.  
@typescript-eslint/no-explicit-any

./src/app/dashboard/menu/page.tsx
14:5  Error: 'Sparkles' is defined but never 
used.  @typescript-eslint/no-unused-vars
17:5  Error: 'MoreHorizontal' is defined but 
never used.  @typescript-eslint/no-unused-vars
20:5  Error: 'Trash2' is defined but never 
used.  @typescript-eslint/no-unused-vars
26:5  Error: 'Euro' is defined but never used.  
@typescript-eslint/no-unused-vars
27:5  Error: 'ToggleLeft' is defined but never 
used.  @typescript-eslint/no-unused-vars
28:5  Error: 'ToggleRight' is defined but never 
used.  @typescript-eslint/no-unused-vars
29:5  Error: 'Check' is defined but never used. 
 @typescript-eslint/no-unused-vars
30:5  Error: 'X' is defined but never used.  
@typescript-eslint/no-unused-vars
31:5  Error: 'ArrowUpDown' is defined but never 
used.  @typescript-eslint/no-unused-vars
66:50  Error: Unexpected any. Specify a 
different type.  
@typescript-eslint/no-explicit-any
75:8  Warning: React Hook useEffect has a 
missing dependency: 'loadData'. Either include 
it or remove the dependency array.  
react-hooks/exhaustive-deps
253:12  Error: Unexpected any. Specify a 
different type.  
@typescript-eslint/no-explicit-any
256:17  Error: Unexpected any. Specify a 
different type.  
@typescript-eslint/no-explicit-any
380:37  Warning: Using `<img>` could result in 
slower LCP and higher bandwidth. Consider using 
`<Image />` from `next/image` to automatically 
optimize images. This may incur additional 
usage or cost from your provider. See: 
https://nextjs.org/docs/messages/no-img-element 
 @next/next/no-img-element
410:38  Error: 'onReload' is defined but never 
used.  @typescript-eslint/no-unused-vars
444:47  Error: 'index' is defined but never 
used.  @typescript-eslint/no-unused-vars
482:5  Error: 'onReload' is defined but never 
used.  @typescript-eslint/no-unused-vars
558:37  Warning: Using `<img>` could result in 
slower LCP and higher bandwidth. Consider using 
`<Image />` from `next/image` to automatically 
optimize images. This may incur additional 
usage or cost from your provider. See: 
https://nextjs.org/docs/messages/no-img-element 
 @next/next/no-img-element

./src/app/dashboard/menu/products/page.tsx
10:5  Error: 'Filter' is defined but never 
used.  @typescript-eslint/no-unused-vars
20:5  Error: 'Leaf' is defined but never used.  
@typescript-eslint/no-unused-vars
21:5  Error: 'AlertTriangle' is defined but 
never used.  @typescript-eslint/no-unused-vars
29:8  Error: 'Link' is defined but never used.  
@typescript-eslint/no-unused-vars
86:50  Error: Unexpected any. Specify a 
different type.  
@typescript-eslint/no-explicit-any
92:8  Warning: React Hook useEffect has a 
missing dependency: 'loadData'. Either include 
it or remove the dependency array.  
react-hooks/exhaustive-deps
367:49  Warning: Using `<img>` could result in 
slower LCP and higher bandwidth. Consider using 
`<Image />` from `next/image` to automatically 
optimize images. This may incur additional 
usage or cost from your provider. See: 
https://nextjs.org/docs/messages/no-img-element 
 @next/next/no-img-element
505:21  Warning: Using `<img>` could result in 
slower LCP and higher bandwidth. Consider using 
`<Image />` from `next/image` to automatically 
optimize images. This may incur additional 
usage or cost from your provider. See: 
https://nextjs.org/docs/messages/no-img-element 
 @next/next/no-img-element
799:33  Warning: Using `<img>` could result in 
slower LCP and higher bandwidth. Consider using 
`<Image />` from `next/image` to automatically 
optimize images. This may incur additional 
usage or cost from your provider. See: 
https://nextjs.org/docs/messages/no-img-element 
 @next/next/no-img-element

./src/app/dashboard/orders/history/page.tsx
4:10  Error: 'motion' is defined but never 
used.  @typescript-eslint/no-unused-vars
8:5  Error: 'Filter' is defined but never used. 
 @typescript-eslint/no-unused-vars
11:5  Error: 'Calendar' is defined but never 
used.  @typescript-eslint/no-unused-vars
12:5  Error: 'Euro' is defined but never used.  
@typescript-eslint/no-unused-vars
13:5  Error: 'User' is defined but never used.  
@typescript-eslint/no-unused-vars
14:5  Error: 'MapPin' is defined but never 
used.  @typescript-eslint/no-unused-vars
15:5  Error: 'Clock' is defined but never used. 
 @typescript-eslint/no-unused-vars
44:8  Warning: React Hook useEffect has a 
missing dependency: 'loadOrders'. Either 
include it or remove the dependency array.  
react-hooks/exhaustive-deps

./src/app/dashboard/orders/kitchen/page.tsx
54:12  Error: 'restaurant' is assigned a value 
but never used.  
@typescript-eslint/no-unused-vars
54:50  Error: Unexpected any. Specify a 
different type.  
@typescript-eslint/no-explicit-any
62:8  Warning: React Hook useEffect has missing 
dependencies: 'loadOrders' and 
'setupRealtimeSubscription'. Either include 
them or remove the dependency array.  
react-hooks/exhaustive-deps

./src/app/dashboard/orders/page.tsx
9:5  Error: 'Filter' is defined but never used. 
 @typescript-eslint/no-unused-vars
10:5  Error: 'ChevronDown' is defined but never 
used.  @typescript-eslint/no-unused-vars
19:5  Error: 'Euro' is defined but never used.  
@typescript-eslint/no-unused-vars
22:5  Error: 'XCircle' is defined but never 
used.  @typescript-eslint/no-unused-vars
24:5  Error: 'MoreHorizontal' is defined but 
never used.  @typescript-eslint/no-unused-vars
87:12  Error: 'restaurant' is assigned a value 
but never used.  
@typescript-eslint/no-unused-vars
87:50  Error: Unexpected any. Specify a 
different type.  
@typescript-eslint/no-explicit-any
94:8  Warning: React Hook useEffect has missing 
dependencies: 'loadOrders' and 
'setupRealtimeSubscription'. Either include 
them or remove the dependency array.  
react-hooks/exhaustive-deps
165:11  Error: 'getNextStatus' is assigned a 
value but never used.  
@typescript-eslint/no-unused-vars
175:11  Error: 'formatTimeAgo' is assigned a 
value but never used.  
@typescript-eslint/no-unused-vars
185:11  Error: 'getWaitTime' is assigned a 
value but never used.  
@typescript-eslint/no-unused-vars

./src/app/dashboard/page.tsx
14:5  Error: 'Clock' is defined but never used. 
 @typescript-eslint/no-unused-vars
22:5  Error: 'AlertCircle' is defined but never 
used.  @typescript-eslint/no-unused-vars
23:5  Error: 'ChefHat' is defined but never 
used.  @typescript-eslint/no-unused-vars
68:50  Error: Unexpected any. Specify a 
different type.  
@typescript-eslint/no-explicit-any
87:8  Warning: React Hook useEffect has missing 
dependencies: 'loadData' and 
'setupRealtimeSubscriptions'. Either include 
them or remove the dependency array.  
react-hooks/exhaustive-deps
580:11  Error: Unexpected any. Specify a 
different type.  
@typescript-eslint/no-explicit-any
630:11  Error: Unexpected any. Specify a 
different type.  
@typescript-eslint/no-explicit-any

./src/app/dashboard/qr/page.tsx
7:5  Error: 'QrCode' is defined but never used. 
 @typescript-eslint/no-unused-vars
15:5  Error: 'Settings' is defined but never 
used.  @typescript-eslint/no-unused-vars
17:14  Error: 'ImageIcon' is defined but never 
used.  @typescript-eslint/no-unused-vars
18:5  Error: 'Smartphone' is defined but never 
used.  @typescript-eslint/no-unused-vars
20:5  Error: 'RefreshCw' is defined but never 
used.  @typescript-eslint/no-unused-vars
21:5  Error: 'X' is defined but never used.  
@typescript-eslint/no-unused-vars
22:5  Error: 'Eye' is defined but never used.  
@typescript-eslint/no-unused-vars
43:50  Error: Unexpected any. Specify a 
different type.  
@typescript-eslint/no-explicit-any
58:8  Warning: React Hook useEffect has a 
missing dependency: 'loadData'. Either include 
it or remove the dependency array.  
react-hooks/exhaustive-deps
267:25  Warning: Using `<img>` could result in 
slower LCP and higher bandwidth. Consider using 
`<Image />` from `next/image` to automatically 
optimize images. This may incur additional 
usage or cost from your provider. See: 
https://nextjs.org/docs/messages/no-img-element 
 @next/next/no-img-element
379:37  Warning: Using `<img>` could result in 
slower LCP and higher bandwidth. Consider using 
`<Image />` from `next/image` to automatically 
optimize images. This may incur additional 
usage or cost from your provider. See: 
https://nextjs.org/docs/messages/no-img-element 
 @next/next/no-img-element

./src/app/dashboard/settings/billing/page.tsx
18:5  Error: 'Euro' is defined but never used.  
@typescript-eslint/no-unused-vars
98:12  Error: 'restaurant' is assigned a value 
but never used.  
@typescript-eslint/no-unused-vars
98:50  Error: Unexpected any. Specify a 
different type.  
@typescript-eslint/no-explicit-any
106:8  Warning: React Hook useEffect has a 
missing dependency: 'loadData'. Either include 
it or remove the dependency array.  
react-hooks/exhaustive-deps

./src/app/dashboard/settings/delivery/page.tsx
14:5  Error: 'Trash2' is defined but never 
used.  @typescript-eslint/no-unused-vars
26:50  Error: Unexpected any. Specify a 
different type.  
@typescript-eslint/no-explicit-any
27:12  Error: 'zones' is assigned a value but 
never used.  @typescript-eslint/no-unused-vars
27:19  Error: 'setZones' is assigned a value 
but never used.  
@typescript-eslint/no-unused-vars
39:8  Warning: React Hook useEffect has a 
missing dependency: 'loadSettings'. Either 
include it or remove the dependency array.  
react-hooks/exhaustive-deps

./src/app/dashboard/settings/integrations/page.t
sx
4:10  Error: 'Plug' is defined but never used.  
@typescript-eslint/no-unused-vars

./src/app/dashboard/settings/languages/page.tsx
5:10  Error: 'Languages' is defined but never 
used.  @typescript-eslint/no-unused-vars
5:36  Error: 'Check' is defined but never used. 
 @typescript-eslint/no-unused-vars
5:43  Error: 'Globe' is defined but never used. 
 @typescript-eslint/no-unused-vars
18:50  Error: Unexpected any. Specify a 
different type.  
@typescript-eslint/no-explicit-any
28:8  Warning: React Hook useEffect has a 
missing dependency: 'loadSettings'. Either 
include it or remove the dependency array.  
react-hooks/exhaustive-deps

./src/app/dashboard/settings/page.tsx
4:10  Error: 'motion' is defined but never 
used.  @typescript-eslint/no-unused-vars
15:5  Error: 'Twitter' is defined but never 
used.  @typescript-eslint/no-unused-vars
82:8  Warning: React Hook useEffect has a 
missing dependency: 'loadRestaurant'. Either 
include it or remove the dependency array.  
react-hooks/exhaustive-deps
386:49  Warning: Using `<img>` could result in 
slower LCP and higher bandwidth. Consider using 
`<Image />` from `next/image` to automatically 
optimize images. This may incur additional 
usage or cost from your provider. See: 
https://nextjs.org/docs/messages/no-img-element 
 @next/next/no-img-element
436:41  Warning: Using `<img>` could result in 
slower LCP and higher bandwidth. Consider using 
`<Image />` from `next/image` to automatically 
optimize images. This may incur additional 
usage or cost from your provider. See: 
https://nextjs.org/docs/messages/no-img-element 
 @next/next/no-img-element
501:41  Warning: Using `<img>` could result in 
slower LCP and higher bandwidth. Consider using 
`<Image />` from `next/image` to automatically 
optimize images. This may incur additional 
usage or cost from your provider. See: 
https://nextjs.org/docs/messages/no-img-element 
 @next/next/no-img-element
510:45  Warning: Using `<img>` could result in 
slower LCP and higher bandwidth. Consider using 
`<Image />` from `next/image` to automatically 
optimize images. This may incur additional 
usage or cost from your provider. See: 
https://nextjs.org/docs/messages/no-img-element 
 @next/next/no-img-element

./src/app/dashboard/settings/payments/page.tsx
14:5  Error: 'X' is defined but never used.  
@typescript-eslint/no-unused-vars
17:5  Error: 'Info' is defined but never used.  
@typescript-eslint/no-unused-vars
20:5  Error: 'Settings' is defined but never 
used.  @typescript-eslint/no-unused-vars
83:50  Error: Unexpected any. Specify a 
different type.  
@typescript-eslint/no-explicit-any
89:8  Warning: React Hook useEffect has a 
missing dependency: 'loadSettings'. Either 
include it or remove the dependency array.  
react-hooks/exhaustive-deps
479:11  Error: Unexpected any. Specify a 
different type.  
@typescript-eslint/no-explicit-any

./src/app/dashboard/settings/schedules/page.tsx
7:5  Error: 'Clock' is defined but never used.  
@typescript-eslint/no-unused-vars
31:50  Error: Unexpected any. Specify a 
different type.  
@typescript-eslint/no-explicit-any
40:8  Warning: React Hook useEffect has a 
missing dependency: 'loadSettings'. Either 
include it or remove the dependency array.  
react-hooks/exhaustive-deps

./src/app/dashboard/settings/theme/page.tsx
4:18  Error: 'AnimatePresence' is defined but 
never used.  @typescript-eslint/no-unused-vars
7:5  Error: 'Palette' is defined but never 
used.  @typescript-eslint/no-unused-vars
14:5  Error: 'Smartphone' is defined but never 
used.  @typescript-eslint/no-unused-vars
15:5  Error: 'ExternalLink' is defined but 
never used.  @typescript-eslint/no-unused-vars
17:5  Error: 'Zap' is defined but never used.  
@typescript-eslint/no-unused-vars
18:5  Error: 'Download' is defined but never 
used.  @typescript-eslint/no-unused-vars
160:50  Error: Unexpected any. Specify a 
different type.  
@typescript-eslint/no-explicit-any
163:12  Error: 'showCustomEditor' is assigned a 
value but never used.  
@typescript-eslint/no-unused-vars
163:30  Error: 'setShowCustomEditor' is 
assigned a value but never used.  
@typescript-eslint/no-unused-vars
172:8  Warning: React Hook useEffect has a 
missing dependency: 'loadData'. Either include 
it or remove the dependency array.  
react-hooks/exhaustive-deps

./src/app/dashboard/settings/zones/page.tsx
7:5  Error: 'MapPin' is defined but never used. 
 @typescript-eslint/no-unused-vars
15:5  Error: 'Sun' is defined but never used.  
@typescript-eslint/no-unused-vars
16:5  Error: 'Home' is defined but never used.  
@typescript-eslint/no-unused-vars
17:5  Error: 'Umbrella' is defined but never 
used.  @typescript-eslint/no-unused-vars
18:5  Error: 'TreePine' is defined but never 
used.  @typescript-eslint/no-unused-vars
19:5  Error: 'Coffee' is defined but never 
used.  @typescript-eslint/no-unused-vars
20:5  Error: 'Euro' is defined but never used.  
@typescript-eslint/no-unused-vars
51:50  Error: Unexpected any. Specify a 
different type.  
@typescript-eslint/no-explicit-any
57:8  Warning: React Hook useEffect has a 
missing dependency: 'loadZones'. Either include 
it or remove the dependency array.  
react-hooks/exhaustive-deps

./src/app/dashboard/staff/page.tsx
54:50  Error: Unexpected any. Specify a 
different type.  
@typescript-eslint/no-explicit-any
60:8  Warning: React Hook useEffect has a 
missing dependency: 'loadStaff'. Either include 
it or remove the dependency array.  
react-hooks/exhaustive-deps
228:49  Warning: Using `<img>` could result in 
slower LCP and higher bandwidth. Consider using 
`<Image />` from `next/image` to automatically 
optimize images. This may incur additional 
usage or cost from your provider. See: 
https://nextjs.org/docs/messages/no-img-element 
 @next/next/no-img-element
403:71  Error: Unexpected any. Specify a 
different type.  
@typescript-eslint/no-explicit-any
500:43  Error: Unexpected any. Specify a 
different type.  
@typescript-eslint/no-explicit-any

./src/app/dashboard/staff/permissions/page.tsx
4:10  Error: 'createClient' is defined but 
never used.  @typescript-eslint/no-unused-vars
5:10  Error: 'UserCog' is defined but never 
used.  @typescript-eslint/no-unused-vars
5:27  Error: 'Loader2' is defined but never 
used.  @typescript-eslint/no-unused-vars
5:36  Error: 'Check' is defined but never used. 
 @typescript-eslint/no-unused-vars
5:43  Error: 'X' is defined but never used.  
@typescript-eslint/no-unused-vars
45:12  Error: 'loading' is assigned a value but 
never used.  @typescript-eslint/no-unused-vars
45:21  Error: 'setLoading' is assigned a value 
but never used.  
@typescript-eslint/no-unused-vars

./src/app/dashboard/tables/map/page.tsx
8:5  Error: 'Plus' is defined but never used.  
@typescript-eslint/no-unused-vars
11:5  Error: 'Square' is defined but never 
used.  @typescript-eslint/no-unused-vars
12:5  Error: 'Circle' is defined but never 
used.  @typescript-eslint/no-unused-vars
13:5  Error: 'Move' is defined but never used.  
@typescript-eslint/no-unused-vars
47:8  Warning: React Hook useEffect has a 
missing dependency: 'loadTables'. Either 
include it or remove the dependency array.  
react-hooks/exhaustive-deps

./src/app/dashboard/tables/page.tsx
11:5  Error: 'Map' is defined but never used.  
@typescript-eslint/no-unused-vars
16:5  Error: 'Euro' is defined but never used.  
@typescript-eslint/no-unused-vars
22:5  Error: 'ExternalLink' is defined but 
never used.  @typescript-eslint/no-unused-vars
23:5  Error: 'Download' is defined but never 
used.  @typescript-eslint/no-unused-vars
24:5  Error: 'Eye' is defined but never used.  
@typescript-eslint/no-unused-vars
58:50  Error: Unexpected any. Specify a 
different type.  
@typescript-eslint/no-explicit-any
64:8  Warning: React Hook useEffect has a 
missing dependency: 'loadTables'. Either 
include it or remove the dependency array.  
react-hooks/exhaustive-deps
386:5  Error: 'onStatusChange' is defined but 
never used.  @typescript-eslint/no-unused-vars
394:12  Error: 'showMenu' is assigned a value 
but never used.  
@typescript-eslint/no-unused-vars
394:22  Error: 'setShowMenu' is assigned a 
value but never used.  
@typescript-eslint/no-unused-vars

./src/app/dashboard/waiter-calls/page.tsx
19:5  Error: 'Archive' is defined but never 
used.  @typescript-eslint/no-unused-vars
20:5  Error: 'ArrowRight' is defined but never 
used.  @typescript-eslint/no-unused-vars
35:59  Error: Unexpected any. Specify a 
different type.  
@typescript-eslint/no-explicit-any
80:7  Error: 'categoryLabels' is assigned a 
value but never used.  
@typescript-eslint/no-unused-vars
101:12  Error: 'showCompleted' is assigned a 
value but never used.  
@typescript-eslint/no-unused-vars
101:27  Error: 'setShowCompleted' is assigned a 
value but never used.  
@typescript-eslint/no-unused-vars
102:12  Error: 'restaurant' is assigned a value 
but never used.  
@typescript-eslint/no-unused-vars
102:50  Error: Unexpected any. Specify a 
different type.  
@typescript-eslint/no-explicit-any
111:8  Warning: React Hook useEffect has 
missing dependencies: 'loadCalls' and 
'setupRealtimeSubscription'. Either include 
them or remove the dependency array.  
react-hooks/exhaustive-deps
200:11  Error: 'formatTimeAgo' is assigned a 
value but never used.  
@typescript-eslint/no-unused-vars

./src/app/forgot-password/page.tsx
52:38  Error: Unexpected any. Specify a 
different type.  
@typescript-eslint/no-explicit-any
69:18  Error: 'err' is defined but never used.  
@typescript-eslint/no-unused-vars

./src/app/login/page.tsx
19:7  Error: 'languages' is assigned a value 
but never used.  
@typescript-eslint/no-unused-vars
149:38  Error: Unexpected any. Specify a 
different type.  
@typescript-eslint/no-explicit-any
183:18  Error: 'err' is defined but never used. 
 @typescript-eslint/no-unused-vars

./src/app/page.tsx
14:3  Error: 'Globe2' is defined but never 
used.  @typescript-eslint/no-unused-vars
15:3  Error: 'Zap' is defined but never used.  
@typescript-eslint/no-unused-vars
16:3  Error: 'Shield' is defined but never 
used.  @typescript-eslint/no-unused-vars
17:3  Error: 'Clock' is defined but never used. 
 @typescript-eslint/no-unused-vars
19:3  Error: 'ChevronRight' is defined but 
never used.  @typescript-eslint/no-unused-vars
27:3  Error: 'Languages' is defined but never 
used.  @typescript-eslint/no-unused-vars
28:3  Error: 'HeartHandshake' is defined but 
never used.  @typescript-eslint/no-unused-vars
29:3  Error: 'HelpCircle' is defined but never 
used.  @typescript-eslint/no-unused-vars
39:21  Error: Unexpected any. Specify a 
different type.  
@typescript-eslint/no-explicit-any
320:61  Error: Unexpected any. Specify a 
different type.  
@typescript-eslint/no-explicit-any
320:83  Error: Unexpected any. Specify a 
different type.  
@typescript-eslint/no-explicit-any
367:49  Error: Unexpected any. Specify a 
different type.  
@typescript-eslint/no-explicit-any
367:72  Error: Unexpected any. Specify a 
different type.  
@typescript-eslint/no-explicit-any
440:40  Error: Unexpected any. Specify a 
different type.  
@typescript-eslint/no-explicit-any
553:69  Error: Unexpected any. Specify a 
different type.  
@typescript-eslint/no-explicit-any
741:41  Error: Unexpected any. Specify a 
different type.  
@typescript-eslint/no-explicit-any
756:44  Error: Unexpected any. Specify a 
different type.  
@typescript-eslint/no-explicit-any
768:35  Error: Unexpected any. Specify a 
different type.  
@typescript-eslint/no-explicit-any
785:44  Error: Unexpected any. Specify a 
different type.  
@typescript-eslint/no-explicit-any
831:46  Error: Unexpected any. Specify a 
different type.  
@typescript-eslint/no-explicit-any
841:32  Error: Unexpected any. Specify a 
different type.  
@typescript-eslint/no-explicit-any
864:43  Error: Unexpected any. Specify a 
different type.  
@typescript-eslint/no-explicit-any
878:34  Error: Unexpected any. Specify a 
different type.  
@typescript-eslint/no-explicit-any
915:48  Error: Unexpected any. Specify a 
different type.  
@typescript-eslint/no-explicit-any
920:108  Warning: Using `<img>` could result in 
slower LCP and higher bandwidth. Consider using 
`<Image />` from `next/image` to automatically 
optimize images. This may incur additional 
usage or cost from your provider. See: 
https://nextjs.org/docs/messages/no-img-element 
 @next/next/no-img-element
923:109  Error: `"` can be escaped with 
`&quot;`, `&ldquo;`, `&#34;`, `&rdquo;`.  
react/no-unescaped-entities
923:125  Error: `"` can be escaped with 
`&quot;`, `&ldquo;`, `&#34;`, `&rdquo;`.  
react/no-unescaped-entities
931:39  Error: Unexpected any. Specify a 
different type.  
@typescript-eslint/no-explicit-any
941:36  Error: Unexpected any. Specify a 
different type.  
@typescript-eslint/no-explicit-any
952:37  Error: Unexpected any. Specify a 
different type.  
@typescript-eslint/no-explicit-any

./src/app/r/[slug]/page.tsx
13:5  Error: 'Wheat' is defined but never used. 
 @typescript-eslint/no-unused-vars
15:5  Error: 'Clock' is defined but never used. 
 @typescript-eslint/no-unused-vars
16:5  Error: 'Euro' is defined but never used.  
@typescript-eslint/no-unused-vars
17:5  Error: 'ChevronDown' is defined but never 
used.  @typescript-eslint/no-unused-vars
18:5  Error: 'ChevronUp' is defined but never 
used.  @typescript-eslint/no-unused-vars
20:5  Error: 'Heart' is defined but never used. 
 @typescript-eslint/no-unused-vars
21:5  Error: 'Info' is defined but never used.  
@typescript-eslint/no-unused-vars
22:5  Error: 'MessageSquare' is defined but 
never used.  @typescript-eslint/no-unused-vars
23:5  Error: 'User' is defined but never used.  
@typescript-eslint/no-unused-vars
24:5  Error: 'Phone' is defined but never used. 
 @typescript-eslint/no-unused-vars
59:14  Error: Unexpected any. Specify a 
different type.  
@typescript-eslint/no-explicit-any
70:25  Error: Unexpected any. Specify a 
different type.  
@typescript-eslint/no-explicit-any
167:50  Error: Unexpected any. Specify a 
different type.  
@typescript-eslint/no-explicit-any
178:12  Error: 'selectedProduct' is assigned a 
value but never used.  
@typescript-eslint/no-unused-vars
194:8  Warning: React Hook useEffect has a 
missing dependency: 'loadRestaurantData'. 
Either include it or remove the dependency 
array.  react-hooks/exhaustive-deps
293:11  Error: 'toggleAllergen' is assigned a 
value but never used.  
@typescript-eslint/no-unused-vars
333:29  Warning: Using `<img>` could result in 
slower LCP and higher bandwidth. Consider using 
`<Image />` from `next/image` to automatically 
optimize images. This may incur additional 
usage or cost from your provider. See: 
https://nextjs.org/docs/messages/no-img-element 
 @next/next/no-img-element
624:12  Error: Unexpected any. Specify a 
different type.  
@typescript-eslint/no-explicit-any
637:25  Warning: Using `<img>` could result in 
slower LCP and higher bandwidth. Consider using 
`<Image />` from `next/image` to automatically 
optimize images. This may incur additional 
usage or cost from your provider. See: 
https://nextjs.org/docs/messages/no-img-element 
 @next/next/no-img-element
706:12  Error: Unexpected any. Specify a 
different type.  
@typescript-eslint/no-explicit-any
743:37  Warning: Using `<img>` could result in 
slower LCP and higher bandwidth. Consider using 
`<Image />` from `next/image` to automatically 
optimize images. This may incur additional 
usage or cost from your provider. See: 
https://nextjs.org/docs/messages/no-img-element 
 @next/next/no-img-element
836:12  Error: Unexpected any. Specify a 
different type.  
@typescript-eslint/no-explicit-any
956:12  Error: Unexpected any. Specify a 
different type.  
@typescript-eslint/no-explicit-any
958:25  Error: Unexpected any. Specify a 
different type.  
@typescript-eslint/no-explicit-any
1004:62  Error: Unexpected any. Specify a 
different type.  
@typescript-eslint/no-explicit-any
1067:12  Error: Unexpected any. Specify a 
different type.  
@typescript-eslint/no-explicit-any
1068:17  Error: Unexpected any. Specify a 
different type.  
@typescript-eslint/no-explicit-any

./src/app/register/actions.ts
100:19  Error: Unexpected any. Specify a 
different type.  
@typescript-eslint/no-explicit-any

./src/app/register/page.tsx
10:5  Error: 'ChevronRight' is defined but 
never used.  @typescript-eslint/no-unused-vars
14:5  Error: 'Plus' is defined but never used.  
@typescript-eslint/no-unused-vars
20:5  Error: 'User' is defined but never used.  
@typescript-eslint/no-unused-vars
376:38  Error: Unexpected any. Specify a 
different type.  
@typescript-eslint/no-explicit-any
378:12  Error: 'isLangOpen' is assigned a value 
but never used.  
@typescript-eslint/no-unused-vars
378:24  Error: 'setIsLangOpen' is assigned a 
value but never used.  
@typescript-eslint/no-unused-vars
395:41  Error: Unexpected any. Specify a 
different type.  
@typescript-eslint/no-explicit-any
437:18  Error: 'error' is defined but never 
used.  @typescript-eslint/no-unused-vars
653:127  Error: Unexpected any. Specify a 
different type.  
@typescript-eslint/no-explicit-any
653:154  Error: Unexpected any. Specify a 
different type.  
@typescript-eslint/no-explicit-any
654:119  Error: Unexpected any. Specify a 
different type.  
@typescript-eslint/no-explicit-any
654:146  Error: Unexpected any. Specify a 
different type.  
@typescript-eslint/no-explicit-any
666:37  Warning: Using `<img>` could result in 
slower LCP and higher bandwidth. Consider using 
`<Image />` from `next/image` to automatically 
optimize images. This may incur additional 
usage or cost from your provider. See: 
https://nextjs.org/docs/messages/no-img-element 
 @next/next/no-img-element
696:82  Error: Unexpected any. Specify a 
different type.  
@typescript-eslint/no-explicit-any
705:138  Error: Unexpected any. Specify a 
different type.  
@typescript-eslint/no-explicit-any
705:178  Error: Unexpected any. Specify a 
different type.  
@typescript-eslint/no-explicit-any
707:69  Error: Unexpected any. Specify a 
different type.  
@typescript-eslint/no-explicit-any
707:106  Error: Unexpected any. Specify a 
different type.  
@typescript-eslint/no-explicit-any

./src/app/register/verify-email/page.tsx
99:38  Error: Unexpected any. Specify a 
different type.  
@typescript-eslint/no-explicit-any

./src/app/reset-password/page.tsx
85:18  Error: 'err' is defined but never used.  
@typescript-eslint/no-unused-vars

./src/components/WaiterCallModal.tsx
19:13  Error: Unexpected any. Specify a 
different type.  
@typescript-eslint/no-explicit-any
91:5  Error: 'theme' is defined but never used. 
 @typescript-eslint/no-unused-vars
126:19  Error: 'callsToCreate' is assigned a 
value but never used.  
@typescript-eslint/no-unused-vars

info  - Need to disable some ESLint rules? 
Learn more here: https://nextjs.org/docs/basic-f
eatures/eslint#disabling-rules
